// Jest Snapshot v1, https://goo.gl/fbAQLP

exports[`correlates to snapshot 1 1`] = `
<div>
  <div
    class="FavButton"
  >
    <button
      class="FavButton3"
      data-testid="favbut"
      id="favbutton"
    >
      ❤
    </button>
  </div>
</div>
`;

exports[`correlates to snapshot 2 1`] = `
<div>
  <div
    class="FavButton"
  >
    <button
      class="FavButton3"
      data-testid="favbut"
      id="favbutton"
    >
      ❤
    </button>
  </div>
</div>
`;
